// Jest Snapshot v1, https://goo.gl/fbAQLP

exports[`AppController (e2e) / (GET) todo items 1`] = `
{
  "todoItems": [
    {
      "id": "87dad0b1-cbed-4f3a-ad7e-49cef5789166",
      "name": "Todo 1 description",
      "type": "EMPTY_DISHWASHER",
    },
    {
      "id": "791bb271-0d35-4a03-8c3c-d87a462a2f47",
      "name": "Todo 1 description",
      "type": "EMPTY_DISHWASHER",
    },
  ],
}
`;
